=======================================
test for indentation printer
=======================================

>>> te_ind = __import__('5-text_indentation').text_indentation

>>> te_ind("Hello World")
Hello World

>>> te_ind("Hello.  ")
Hello.
<BLANKLINE>

>>> te_ind('Brave? New: World.')
Brave?
<BLANKLINE>
New:
<BLANKLINE>
World.
<BLANKLINE> 

>>> te_ind(None)
Traceback (most recent call last):
...
TypeError: text must be a string

>>> te_ind(90.6)
Traceback (most recent call last):
...
TypeError: text must be a string
